// Jest Snapshot v1, https://goo.gl/fbAQLP

exports[`render renders children components 1`] = `"<!DOCTYPE html PUBLIC \\"-//W3C//DTD XHTML 1.0 Transitional//EN\\" \\"http://www.w3.org/TR/xhtml1/DTD/xhtml1-transitional.dtd\\"><ol style=\\"list-style-type:upper-roman\\"><li>Item 1</li></ol>"`;

exports[`render renders the <Ol> component 1`] = `"<!DOCTYPE html PUBLIC \\"-//W3C//DTD XHTML 1.0 Transitional//EN\\" \\"http://www.w3.org/TR/xhtml1/DTD/xhtml1-transitional.dtd\\"><ol style=\\"list-style-type:upper-roman\\"></ol>"`;
