// Vitest Snapshot v1, https://vitest.dev/guide/snapshot.html

exports[`Responsive styles > should throw an error when used without a <head/> 1`] = `
"You are trying to use the following Tailwind classes that have media queries: sm:bg-red-500.
For the media queries to work properly on rendering, they need to be added into a <style> tag inside of a <head> tag,
the Tailwind component tried finding a <head> element but just wasn't able to find it.

Make sure that you have either a <head> element at some point inside of the <Tailwind> component at any depth.

If you do already have a <head> element at some depth, please file a bug https://github.com/resend/react-email/issues/new?assignees=&labels=Type%3A+Bug&projects=&template=1.bug_report.yml."
`;

exports[`Responsive styles > should work with relatively complex media query utilities 1`] = `"<head><meta content=\\"text/html; charset=UTF-8\\" http-equiv=\\"Content-Type\\"/><meta name=\\"x-apple-disable-message-reformatting\\"/><style>@media not all and(min-width:640px){.max-sm_text-red-600{color:rgb(220,38,38)!important}}</style></head><p class=\\"max-sm_text-red-600\\" style=\\"color:rgb(29,78,216)\\">I am some text</p>"`;

exports[`Tailwind component > <Button className="px-3 py-2 mt-8 text-sm text-gray-200 bg-blue-600 rounded-md"> 1`] = `"<a style=\\"padding-left:0.75rem;padding-right:0.75rem;padding-top:0.5rem;padding-bottom:0.5rem;margin-top:2rem;font-size:0.875rem;line-height:1.25rem;color:rgb(229,231,235);background-color:rgb(37,99,235);border-radius:0.375rem;text-decoration:none;display:inline-block;max-width:100%;mso-padding-alt:0px;padding:8px 12px 8px 12px\\" target=\\"_blank\\"><span><!--[if mso]><i style=\\"mso-font-width:300%;mso-text-raise:12\\" hidden>&#8202;&#8202;</i><![endif]--></span><span style=\\"max-width:100%;display:inline-block;line-height:120%;mso-padding-alt:0px;mso-text-raise:6px\\">Testing button</span><span><!--[if mso]><i style=\\"mso-font-width:300%\\" hidden>&#8202;&#8202;&#8203;</i><![endif]--></span></a>Testing"`;

exports[`Tailwind component > should allow for complex children manipulation 1`] = `"<table align=\\"center\\" width=\\"100%\\" border=\\"0\\" cellPadding=\\"0\\" cellSpacing=\\"0\\" role=\\"presentation\\" style=\\"text-align:center;font-size:0;padding:0px 0px 0px 0px\\"><tbody><tr><td><table align=\\"center\\" width=\\"100%\\" border=\\"0\\" cellPadding=\\"0\\" cellSpacing=\\"0\\" role=\\"presentation\\" style=\\"max-width:300px;display:inline-block;vertical-align:top;font-size:16px;box-sizing:border-box\\"><tbody><tr><td>This is the first column</td></tr></tbody></table><table align=\\"center\\" width=\\"100%\\" border=\\"0\\" cellPadding=\\"0\\" cellSpacing=\\"0\\" role=\\"presentation\\" style=\\"max-width:300px;display:inline-block;vertical-align:top;font-size:16px;box-sizing:border-box\\"><tbody><tr><td>This is the second column</td></tr></tbody></table></td></tr></tbody></table>"`;

exports[`Tailwind component > should not override inline styles with Tailwind styles 1`] = `"<div style=\\"background-color:red;font-size:12px\\"></div>"`;

exports[`Tailwind component > should work with Heading component 1`] = `"Hello<h1>My testing heading</h1>friends"`;

exports[`Tailwind component > should work with class manipulation done on components 1`] = `"<div style=\\"color:rgb(96,165,250);background-color:rgb(239,68,68)\\"></div>"`;
