// Jest Snapshot v1, https://goo.gl/fbAQLP

exports[`render renders the <Button> component 1`] = `"<!DOCTYPE htmlPUBLIC \\"-//W3C//DTD XHTML 1.0 Transitional//EN\\" \\"http://www.w3.org/TR/xhtml1/DTD/xhtml1-transitional.dtd\\"><a href=\\"https://example.com\\" target=\\"_blank\\" style=\\"line-height:100%;text-decoration:none;display:inline-block;max-width:100%;padding:0px 0px\\"><span><!--[if mso]><i style=\\"letter-spacing: undefinedpx;mso-font-width:-100%;mso-text-raise:0\\" hidden>&nbsp;</i><![endif]--></span><span style=\\"max-width:100%;display:inline-block;line-height:120%;text-decoration:none;text-transform:none;mso-padding-alt:0px;mso-text-raise:0\\"></span><span><!--[if mso]><i style=\\"letter-spacing: undefinedpx;mso-font-width:-100%\\" hidden>&nbsp;</i><![endif]--></span></a>"`;
